2026-02-04 20:19:08,495 - INFO - Database Extractor initialized
2026-02-04 20:19:08,496 - INFO - Output directory: ./extracted_data
2026-02-04 20:19:08,496 - INFO - Starting database discovery and extraction
2026-02-04 20:19:08,504 - INFO - Found open port: localhost:5432 (postgresql)
2026-02-04 20:19:08,615 - INFO - PostgreSQL connection successful: localhost:5432 - Found 3 databases
2026-02-04 20:19:18,764 - INFO - Found open port: 127.0.0.1:5432 (postgresql)
2026-02-04 20:19:18,848 - INFO - PostgreSQL connection successful: 127.0.0.1:5432 - Found 3 databases
2026-02-04 20:19:29,018 - INFO - Discovered 6 databases
2026-02-04 20:19:29,018 - INFO - Processing database: orbit on localhost:5432
2026-02-04 20:19:29,120 - ERROR - Failed to get PostgreSQL tables: column "tablename" does not exist
LINE 2:                     SELECT schemaname, tablename, n_tup_ins ...
                                               ^

2026-02-04 20:19:29,121 - WARNING - No tables found in orbit
2026-02-04 20:19:29,121 - INFO - Processing database: customer_db on localhost:5432
2026-02-04 20:19:29,203 - ERROR - Failed to get PostgreSQL tables: column "tablename" does not exist
LINE 2:                     SELECT schemaname, tablename, n_tup_ins ...
                                               ^

2026-02-04 20:19:29,204 - WARNING - No tables found in customer_db
2026-02-04 20:19:29,204 - INFO - Processing database: payment_db on localhost:5432
2026-02-04 20:19:29,278 - ERROR - Failed to get PostgreSQL tables: column "tablename" does not exist
LINE 2:                     SELECT schemaname, tablename, n_tup_ins ...
                                               ^

2026-02-04 20:19:29,279 - WARNING - No tables found in payment_db
2026-02-04 20:19:29,280 - INFO - Processing database: orbit on 127.0.0.1:5432
2026-02-04 20:19:29,376 - ERROR - Failed to get PostgreSQL tables: column "tablename" does not exist
LINE 2:                     SELECT schemaname, tablename, n_tup_ins ...
                                               ^

2026-02-04 20:19:29,377 - WARNING - No tables found in orbit
2026-02-04 20:19:29,377 - INFO - Processing database: customer_db on 127.0.0.1:5432
2026-02-04 20:19:29,458 - ERROR - Failed to get PostgreSQL tables: column "tablename" does not exist
LINE 2:                     SELECT schemaname, tablename, n_tup_ins ...
                                               ^

2026-02-04 20:19:29,458 - WARNING - No tables found in customer_db
2026-02-04 20:19:29,459 - INFO - Processing database: payment_db on 127.0.0.1:5432
2026-02-04 20:19:29,538 - ERROR - Failed to get PostgreSQL tables: column "tablename" does not exist
LINE 2:                     SELECT schemaname, tablename, n_tup_ins ...
                                               ^

2026-02-04 20:19:29,539 - WARNING - No tables found in payment_db
2026-02-04 20:19:29,539 - INFO - Extraction completed. Generated 0 files in ./extracted_data
