2026-02-12 11:04:13,571 - __main__ - INFO - ============================================================
2026-02-12 11:04:13,572 - __main__ - INFO - Asset Node Extraction Started
2026-02-12 11:04:13,572 - __main__ - INFO - ============================================================
2026-02-12 11:04:13,578 - __main__ - INFO - Loaded graph_config.yaml
2026-02-12 11:04:13,583 - __main__ - INFO - Loaded paths_config.yaml
2026-02-12 11:04:13,584 - __main__ - INFO - Loaded neo4j_config.yaml
2026-02-12 11:04:13,584 - __main__ - INFO - 
Extracting asset nodes from collected data...
2026-02-12 11:04:13,584 - __main__ - INFO - Loading agents data from: collected_data\20260210_201344\agents_manager\All_Agents.json
2026-02-12 11:04:13,585 - __main__ - INFO - Found 5 agents in data file
2026-02-12 11:04:13,585 - __main__ - INFO - Successfully extracted 5 asset nodes
2026-02-12 11:04:13,585 - __main__ - INFO - 
Saving extracted asset nodes...
2026-02-12 11:04:13,586 - __main__ - INFO - Saved 5 asset nodes to: extracted_data\asset_nodes_20260212_110413.json
2026-02-12 11:04:13,586 - __main__ - INFO - 
============================================================
2026-02-12 11:04:13,587 - __main__ - INFO - Asset Node Extraction Completed!
2026-02-12 11:04:13,587 - __main__ - INFO - Extracted 5 asset nodes
2026-02-12 11:04:13,587 - __main__ - INFO - Output file: extracted_data\asset_nodes_20260212_110413.json
2026-02-12 11:04:13,587 - __main__ - INFO - ============================================================
